[2026-05-17 22:59:38] [sentence-simplifier Loop 1] 残 35 タスク (yolo)...
YOLO mode is enabled. All tool calls will be automatically approved.
YOLO mode is enabled. All tool calls will be automatically approved.
Ripgrep is not available. Falling back to GrepTool.
Attempt 1 failed: You have exhausted your capacity on this model. Your quota will reset after 0s.. Retrying after 5606ms...
Attempt 1 failed: You have exhausted your capacity on this model. Your quota will reset after 1s.. Retrying after 5196ms...
T001 completion: package.json setup with vite and typescript.
[2026-05-17 23:00:15] [sentence-simplifier Loop 2] 残 34 タスク (yolo)...
YOLO mode is enabled. All tool calls will be automatically approved.
YOLO mode is enabled. All tool calls will be automatically approved.
Ripgrep is not available. Falling back to GrepTool.
Attempt 1 failed: You have exhausted your capacity on this model.. Retrying after 11089ms...
Attempt 1 failed: You have exhausted your capacity on this model. Your quota will reset after 0s.. Retrying after 5259ms...
Attempt 2 failed: You have exhausted your capacity on this model. Your quota will reset after 1s.. Retrying after 11897ms...
Attempt 3 failed: You have exhausted your capacity on this model. Your quota will reset after 0s.. Retrying after 23014ms...
T002 implemented and committed.
[2026-05-17 23:01:40] [sentence-simplifier Loop 3] 残 33 タスク (yolo)...
YOLO mode is enabled. All tool calls will be automatically approved.
YOLO mode is enabled. All tool calls will be automatically approved.
Ripgrep is not available. Falling back to GrepTool.
Attempt 1 failed: You have exhausted your capacity on this model. Your quota will reset after 0s.. Retrying after 5375ms...
